/usr/bin/ffmpeg -hide_banner -y -y -r 13 -start_number 1 -start_number_range 1 -i /home/arim/Desktop/games/web/ballBounce/public/assets/lainya/ball%04d.png -i /home/arim/Desktop/games/web/ballBounce/public/assets/lainya/KritaTempPalettegen_%06d.png -lavfi [0:v][1:v]paletteuse=dither=sierra2_4a:diff_mode=none -f gif -loop 0 -gifflags +transdiff /home/arim/Desktop/games/web/ballBounce/public/assets/lainya/bola.gif
=====================================================
Input #0, image2, from '/home/arim/Desktop/games/web/ballBounce/public/assets/lainya/ball%04d.png':
  Duration: 00:00:00.56, start: 0.000000, bitrate: N/A
  Stream #0:0: Video: png, rgba(pc, gbr/unknown/unknown), 1280x1204 [SAR 23622:23622 DAR 320:301], 25 fps, 25 tbr, 25 tbn
Input #1, image2, from '/home/arim/Desktop/games/web/ballBounce/public/assets/lainya/KritaTempPalettegen_%06d.png':
  Duration: 00:00:00.04, start: 0.000000, bitrate: N/A
  Stream #1:0: Video: png, rgba(pc, gbr/unknown/unknown), 16x16 [SAR 1:1 DAR 1:1], 25 fps, 25 tbr, 25 tbn
Stream mapping:
  Stream #0:0 (png) -> paletteuse
  Stream #1:0 (png) -> paletteuse
  paletteuse:default -> Stream #0:0 (gif)
Press [q] to stop, [?] for help
Output #0, gif, to '/home/arim/Desktop/games/web/ballBounce/public/assets/lainya/bola.gif':
  Metadata:
    encoder         : Lavf61.7.100
  Stream #0:0: Video: gif, pal8(pc, gbr/unknown/unknown, progressive), 1280x1204 [SAR 1:1 DAR 320:301], q=2-31, 200 kb/s, 13 fps, 100 tbn
      Metadata:
        encoder         : Lavc61.19.101 gif
frame=   13 fps=0.0 q=-0.0 size=      26KiB time=00:00:01.00 bitrate= 216.8kbits/s speed=   2x    [out#0/gif @ 0x56498a943780] video:36KiB audio:0KiB subtitle:0KiB other streams:0KiB global headers:0KiB muxing overhead: 0.054292%
frame=   14 fps=0.0 q=-0.0 Lsize=      36KiB time=00:00:01.07 bitrate= 273.8kbits/s speed= 2.1x    
